// Jest Snapshot v1, https://goo.gl/fbAQLP

exports[`matches snapshot 1`] = `
<TumblrLinkCard
  post={
    Object {
      "blog": Object {
        "description": "",
        "name": "qrry43",
        "title": "Untitled",
        "updated": 1542591727,
        "url": "https://qrry43.tumblr.com/",
        "uuid": "t:R6xQMLMIgO9gjxUYoccRAw",
      },
      "blog_name": "qrry43",
      "can_like": false,
      "can_reblog": false,
      "can_reply": false,
      "can_send_in_message": true,
      "date": "2018-11-19 01:42:06 GMT",
      "description": "",
      "display_avatar": true,
      "excerpt": "Let's face it. Mini versions of normal-sized things are freaking adorable. How can we not be filled with giddy glee at the sight of these teeny-tiny donuts or this",
      "format": "html",
      "id": 180258366208,
      "is_blocks_post_format": false,
      "link_author": null,
      "link_image": "https://66.media.tumblr.com/eac3655368495a21057e2e3f31d81acb/tumblr_pif3e6mZ1v1xlf559_og_540.jpg",
      "link_image_dimensions": Object {
        "height": 284,
        "width": 540,
      },
      "note_count": 0,
      "photos": Array [
        Object {
          "alt_sizes": Array [
            Object {
              "height": 315,
              "url": "https://66.media.tumblr.com/eac3655368495a21057e2e3f31d81acb/tumblr_pif3e6mZ1v1xlf559_og_640.jpg",
              "width": 600,
            },
            Object {
              "height": 284,
              "url": "https://66.media.tumblr.com/eac3655368495a21057e2e3f31d81acb/tumblr_pif3e6mZ1v1xlf559_og_540.jpg",
              "width": 540,
            },
            Object {
              "height": 263,
              "url": "https://66.media.tumblr.com/eac3655368495a21057e2e3f31d81acb/tumblr_pif3e6mZ1v1xlf559_og_500.jpg",
              "width": 500,
            },
            Object {
              "height": 210,
              "url": "https://66.media.tumblr.com/eac3655368495a21057e2e3f31d81acb/tumblr_pif3e6mZ1v1xlf559_og_400.jpg",
              "width": 400,
            },
            Object {
              "height": 131,
              "url": "https://66.media.tumblr.com/eac3655368495a21057e2e3f31d81acb/tumblr_pif3e6mZ1v1xlf559_og_250.jpg",
              "width": 250,
            },
            Object {
              "height": 53,
              "url": "https://66.media.tumblr.com/eac3655368495a21057e2e3f31d81acb/tumblr_pif3e6mZ1v1xlf559_og_100.jpg",
              "width": 100,
            },
            Object {
              "height": 75,
              "url": "https://66.media.tumblr.com/eac3655368495a21057e2e3f31d81acb/tumblr_pif3e6mZ1v1xlf559_og_75sq.jpg",
              "width": 75,
            },
          ],
          "caption": "",
          "original_size": Object {
            "height": 315,
            "url": "https://66.media.tumblr.com/eac3655368495a21057e2e3f31d81acb/tumblr_pif3e6mZ1v1xlf559_og_1280.jpg",
            "width": 600,
          },
        },
      ],
      "post_url": "https://qrry43.tumblr.com/post/180258366208/redditors-across-america-have-spotted-the-same-vw",
      "publisher": "redditblog.com",
      "reblog": Object {
        "comment": "",
        "tree_html": "",
      },
      "reblog_key": "sjQHEUVF",
      "recommended_color": null,
      "recommended_source": null,
      "short_url": "https://tmblr.co/ZlGD6Y2duF6C0",
      "slug": "redditors-across-america-have-spotted-the-same-vw",
      "state": "published",
      "summary": "Redditors Across America Have Spotted the Same VW Bus Towing Its Mini Replica",
      "tags": Array [],
      "timestamp": 1542591726,
      "title": "Redditors Across America Have Spotted the Same VW Bus Towing Its Mini Replica",
      "trail": Array [],
      "type": "link",
      "url": "https://redditblog.com/2016/05/11/redditors-across-america-have-spotted-the-same-vw-bus-towing-its-mini-replica/",
    }
  }
/>
`;

exports[`matches snapshot with description 1`] = `
<TumblrLinkCard
  post={
    Object {
      "blog": Object {
        "description": "",
        "name": "qrry43",
        "title": "Untitled",
        "updated": 1542591727,
        "url": "https://qrry43.tumblr.com/",
        "uuid": "t:R6xQMLMIgO9gjxUYoccRAw",
      },
      "blog_name": "qrry43",
      "can_like": false,
      "can_reblog": false,
      "can_reply": false,
      "can_send_in_message": true,
      "date": "2018-11-18 17:01:14 GMT",
      "description": "<figure class=\\"tmblr-full\\" data-orig-height=\\"990\\" data-orig-width=\\"1080\\"><img src=\\"https://66.media.tumblr.com/1501cd9c503211ba2a9b516c8c6dfdb7/tumblr_inline_pief9zvJJI1wrzqz7_540.jpg\\" data-orig-height=\\"990\\" data-orig-width=\\"1080\\"/></figure>",
      "display_avatar": true,
      "excerpt": "70.2k Followers, 626 Following, 156 Posts - See Instagram photos and videos from Ksenia Perova (@noaxaon)",
      "format": "html",
      "id": 180243293733,
      "is_blocks_post_format": false,
      "link_author": null,
      "note_count": 0,
      "post_url": "https://qrry43.tumblr.com/post/180243293733/ksenia-perova-noaxaon-instagram-photos-and",
      "publisher": "instagram.com",
      "reblog": Object {
        "comment": "<p><figure class=\\"tmblr-full\\" data-orig-height=\\"990\\" data-orig-width=\\"1080\\"><img src=\\"https://66.media.tumblr.com/1501cd9c503211ba2a9b516c8c6dfdb7/tumblr_inline_pief9zvJJI1wrzqz7_540.jpg\\" data-orig-height=\\"990\\" data-orig-width=\\"1080\\"></figure></p>",
        "tree_html": "",
      },
      "reblog_key": "1yxPns93",
      "recommended_color": null,
      "recommended_source": null,
      "short_url": "https://tmblr.co/ZlGD6Y2dtLcOb",
      "slug": "ksenia-perova-noaxaon-instagram-photos-and",
      "state": "published",
      "summary": "Ksenia Perova (@noaxaon) • Instagram photos and videos",
      "tags": Array [],
      "timestamp": 1542560474,
      "title": "Ksenia Perova (@noaxaon) • Instagram photos and videos",
      "trail": Array [
        Object {
          "blog": Object {
            "active": true,
            "can_be_followed": true,
            "name": "qrry43",
            "share_following": true,
            "share_likes": true,
            "theme": Object {
              "avatar_shape": "circle",
              "background_color": "#FAFAFA",
              "body_font": "Helvetica Neue",
              "header_bounds": "",
              "header_image": "https://assets.tumblr.com/images/default_header/optica_pattern_08.png?_v=f0f055039bb6136b9661cf2227b535c2",
              "header_image_focused": "https://assets.tumblr.com/images/default_header/optica_pattern_08_focused_v3.png?_v=f0f055039bb6136b9661cf2227b535c2",
              "header_image_scaled": "https://assets.tumblr.com/images/default_header/optica_pattern_08_focused_v3.png?_v=f0f055039bb6136b9661cf2227b535c2",
              "header_stretch": true,
              "link_color": "#529ECC",
              "show_avatar": true,
              "show_description": true,
              "show_header_image": true,
              "show_title": true,
              "title_color": "#444444",
              "title_font": "Gibson",
              "title_font_weight": "bold",
            },
          },
          "content": "<p><figure class=\\"tmblr-full\\"><img src=\\"https://66.media.tumblr.com/1501cd9c503211ba2a9b516c8c6dfdb7/tumblr_inline_pief9zvJJI1wrzqz7_540.jpg\\" class=\\"\\"/></figure></p>",
          "content_raw": "<p><figure class=\\"tmblr-full\\" data-orig-height=\\"990\\" data-orig-width=\\"1080\\"><img src=\\"https://66.media.tumblr.com/1501cd9c503211ba2a9b516c8c6dfdb7/tumblr_inline_pief9zvJJI1wrzqz7_540.jpg\\" data-orig-height=\\"990\\" data-orig-width=\\"1080\\"></figure></p>",
          "is_current_item": true,
          "is_root_item": true,
          "post": Object {
            "id": "180243293733",
          },
        },
      ],
      "type": "link",
      "url": "https://www.instagram.com/noaxaon/",
    }
  }
/>
`;
